com\samsung\springboot\services\CheckoutService.class
com\samsung\springboot\models\CartModel.class
com\samsung\springboot\controllers\ProductFavoriteController.class
com\samsung\springboot\controllers\CategoryController.class
com\samsung\springboot\controllers\OrderItemController.class
com\samsung\springboot\models\UnitModel.class
com\samsung\springboot\models\PaymentTypeModel.class
com\samsung\springboot\dtos\OrderRecordDto.class
com\samsung\springboot\repositories\UnitRepository.class
com\samsung\springboot\models\OrderItemModel.class
com\samsung\springboot\services\CategoryService.class
com\samsung\springboot\controllers\PersonAddressController.class
com\samsung\springboot\dtos\CartRecordDto.class
com\samsung\springboot\models\CategoryModel.class
com\samsung\springboot\services\JwtService.class
com\samsung\springboot\repositories\CheckoutRepository.class
com\samsung\springboot\dtos\CheckoutRecordDto.class
com\samsung\springboot\services\PaymentTypeService.class
com\samsung\springboot\dtos\LoginDocumentRequestDTO.class
com\samsung\springboot\services\UserDetailsServiceImpl.class
com\samsung\springboot\models\ProductImageModel.class
com\samsung\springboot\repositories\CategoryRepository.class
com\samsung\springboot\controllers\CheckoutController.class
com\samsung\springboot\repositories\OrderRepository.class
com\samsung\springboot\config\JwtAuthFilter.class
com\samsung\springboot\controllers\ProductFeaturedController.class
com\samsung\springboot\exceptions\ResourceNotFoundException.class
com\samsung\springboot\dtos\AuthResponseDTO.class
com\samsung\springboot\config\SecurityConfig.class
com\samsung\springboot\models\PersonAddressModel.class
com\samsung\springboot\models\OrderModel.class
com\samsung\springboot\dtos\PersonAddressRecordDto.class
com\samsung\springboot\repositories\ProductImageRepository.class
com\samsung\springboot\controllers\CartItemController.class
com\samsung\springboot\dtos\UnitRecordDto.class
com\samsung\springboot\controllers\GlobalExceptionHandler.class
com\samsung\springboot\controllers\ProductImageController.class
com\samsung\springboot\controllers\OrderController.class
com\samsung\springboot\controllers\UnitController.class
com\samsung\springboot\repositories\CartRepository.class
com\samsung\springboot\dtos\ProductImageRecordDto.class
com\samsung\springboot\models\PersonModel.class
com\samsung\springboot\dtos\ProductFavoriteRecordDto.class
com\samsung\springboot\dtos\ProductFeaturedRecordDto.class
com\samsung\springboot\services\UnitService.class
com\samsung\springboot\controllers\AuthController.class
com\samsung\springboot\services\ProductImageService.class
com\samsung\springboot\models\ProductFeaturedModel.class
com\samsung\springboot\dtos\PaymentTypeRecordDto.class
com\samsung\springboot\models\ProductFavoriteModel.class
com\samsung\springboot\services\ProductFavoriteService.class
com\samsung\springboot\dtos\StandardErrorDTO.class
com\samsung\springboot\repositories\OrderItemRepository.class
com\samsung\springboot\dtos\CartItemRecordDto.class
com\samsung\springboot\repositories\PersonAddressRepository.class
com\samsung\springboot\models\CheckoutModel.class
com\samsung\springboot\repositories\PersonRepository.class
com\samsung\springboot\SpringbootApplication.class
com\samsung\springboot\controllers\TestController.class
com\samsung\springboot\repositories\CartItemRepository.class
com\samsung\springboot\dtos\PersonRecordDTO.class
com\samsung\springboot\services\AuthService.class
com\samsung\springboot\services\ProductFeaturedService.class
com\samsung\springboot\controllers\ProductController.class
com\samsung\springboot\repositories\ProductRepository.class
com\samsung\springboot\services\OrderService.class
com\samsung\springboot\enums\Role.class
com\samsung\springboot\models\CartItemModel.class
com\samsung\springboot\controllers\PersonController.class
com\samsung\springboot\services\ProductService.class
com\samsung\springboot\services\CartItemService.class
com\samsung\springboot\dtos\ProductRecordDto.class
com\samsung\springboot\repositories\PaymentTypeRepository.class
com\samsung\springboot\services\PersonService.class
com\samsung\springboot\services\PersonAddressService.class
com\samsung\springboot\dtos\OrderItemRecordDto.class
com\samsung\springboot\config\CorsConfig.class
com\samsung\springboot\exceptions\DuplicationException.class
com\samsung\springboot\dtos\LoginRequestDTO.class
com\samsung\springboot\dtos\CategoryRecordDto.class
com\samsung\springboot\services\OrderItemService.class
com\samsung\springboot\repositories\ProductFeaturedRepository.class
com\samsung\springboot\exceptions\NotFoundException.class
com\samsung\springboot\controllers\CartController.class
com\samsung\springboot\dtos\RegisterRequestDTO.class
com\samsung\springboot\controllers\PaymentTypeController.class
com\samsung\springboot\models\ProductModel.class
com\samsung\springboot\repositories\ProductFavoriteRepository.class
com\samsung\springboot\services\CartService.class
