C:\Projects\FullStack\samsung\catalogo-back\src\main\java\com\samsung\springboot\repositories\ProductImageRepository.java
C:\Projects\FullStack\samsung\catalogo-back\src\main\java\com\samsung\springboot\services\OrderService.java
C:\Projects\FullStack\samsung\catalogo-back\src\main\java\com\samsung\springboot\models\ProductImageModel.java
C:\Projects\FullStack\samsung\catalogo-back\src\main\java\com\samsung\springboot\enums\Role.java
C:\Projects\FullStack\samsung\catalogo-back\src\main\java\com\samsung\springboot\exceptions\ResourceNotFoundException.java
C:\Projects\FullStack\samsung\catalogo-back\src\main\java\com\samsung\springboot\repositories\PersonRepository.java
C:\Projects\FullStack\samsung\catalogo-back\src\main\java\com\samsung\springboot\services\ProductFavoriteService.java
C:\Projects\FullStack\samsung\catalogo-back\src\main\java\com\samsung\springboot\controllers\ProductFeaturedController.java
C:\Projects\FullStack\samsung\catalogo-back\src\main\java\com\samsung\springboot\models\CategoryModel.java
C:\Projects\FullStack\samsung\catalogo-back\src\main\java\com\samsung\springboot\models\ProductFeaturedModel.java
C:\Projects\FullStack\samsung\catalogo-back\src\main\java\com\samsung\springboot\repositories\ProductFavoriteRepository.java
C:\Projects\FullStack\samsung\catalogo-back\src\main\java\com\samsung\springboot\controllers\TestController.java
C:\Projects\FullStack\samsung\catalogo-back\src\main\java\com\samsung\springboot\models\OrderItemModel.java
C:\Projects\FullStack\samsung\catalogo-back\src\main\java\com\samsung\springboot\dtos\ProductImageRecordDto.java
C:\Projects\FullStack\samsung\catalogo-back\src\main\java\com\samsung\springboot\dtos\ProductRecordDto.java
C:\Projects\FullStack\samsung\catalogo-back\src\main\java\com\samsung\springboot\controllers\PaymentTypeController.java
C:\Projects\FullStack\samsung\catalogo-back\src\main\java\com\samsung\springboot\exceptions\DuplicationException.java
C:\Projects\FullStack\samsung\catalogo-back\src\main\java\com\samsung\springboot\services\PersonAddressService.java
C:\Projects\FullStack\samsung\catalogo-back\src\main\java\com\samsung\springboot\controllers\PersonController.java
C:\Projects\FullStack\samsung\catalogo-back\src\main\java\com\samsung\springboot\controllers\ProductController.java
C:\Projects\FullStack\samsung\catalogo-back\src\main\java\com\samsung\springboot\services\CheckoutService.java
C:\Projects\FullStack\samsung\catalogo-back\src\main\java\com\samsung\springboot\models\CartModel.java
C:\Projects\FullStack\samsung\catalogo-back\src\main\java\com\samsung\springboot\repositories\ProductRepository.java
C:\Projects\FullStack\samsung\catalogo-back\src\main\java\com\samsung\springboot\exceptions\NotFoundException.java
C:\Projects\FullStack\samsung\catalogo-back\src\main\java\com\samsung\springboot\models\PersonAddressModel.java
C:\Projects\FullStack\samsung\catalogo-back\src\main\java\com\samsung\springboot\controllers\UnitController.java
C:\Projects\FullStack\samsung\catalogo-back\src\main\java\com\samsung\springboot\repositories\CategoryRepository.java
C:\Projects\FullStack\samsung\catalogo-back\src\main\java\com\samsung\springboot\dtos\ProductFavoriteRecordDto.java
C:\Projects\FullStack\samsung\catalogo-back\src\main\java\com\samsung\springboot\controllers\CartController.java
C:\Projects\FullStack\samsung\catalogo-back\src\main\java\com\samsung\springboot\services\JwtService.java
C:\Projects\FullStack\samsung\catalogo-back\src\main\java\com\samsung\springboot\models\CartItemModel.java
C:\Projects\FullStack\samsung\catalogo-back\src\main\java\com\samsung\springboot\controllers\ProductFavoriteController.java
C:\Projects\FullStack\samsung\catalogo-back\src\main\java\com\samsung\springboot\repositories\CheckoutRepository.java
C:\Projects\FullStack\samsung\catalogo-back\src\main\java\com\samsung\springboot\controllers\CheckoutController.java
C:\Projects\FullStack\samsung\catalogo-back\src\main\java\com\samsung\springboot\repositories\ProductFeaturedRepository.java
C:\Projects\FullStack\samsung\catalogo-back\src\main\java\com\samsung\springboot\services\CartItemService.java
C:\Projects\FullStack\samsung\catalogo-back\src\main\java\com\samsung\springboot\dtos\LoginDocumentRequestDTO.java
C:\Projects\FullStack\samsung\catalogo-back\src\main\java\com\samsung\springboot\repositories\PaymentTypeRepository.java
C:\Projects\FullStack\samsung\catalogo-back\src\main\java\com\samsung\springboot\dtos\PersonAddressRecordDto.java
C:\Projects\FullStack\samsung\catalogo-back\src\main\java\com\samsung\springboot\dtos\LoginRequestDTO.java
C:\Projects\FullStack\samsung\catalogo-back\src\main\java\com\samsung\springboot\services\OrderItemService.java
C:\Projects\FullStack\samsung\catalogo-back\src\main\java\com\samsung\springboot\models\PersonModel.java
C:\Projects\FullStack\samsung\catalogo-back\src\main\java\com\samsung\springboot\controllers\ProductImageController.java
C:\Projects\FullStack\samsung\catalogo-back\src\main\java\com\samsung\springboot\dtos\CartRecordDto.java
C:\Projects\FullStack\samsung\catalogo-back\src\main\java\com\samsung\springboot\controllers\OrderController.java
C:\Projects\FullStack\samsung\catalogo-back\src\main\java\com\samsung\springboot\dtos\CheckoutRecordDto.java
C:\Projects\FullStack\samsung\catalogo-back\src\main\java\com\samsung\springboot\models\UnitModel.java
C:\Projects\FullStack\samsung\catalogo-back\src\main\java\com\samsung\springboot\services\PaymentTypeService.java
C:\Projects\FullStack\samsung\catalogo-back\src\main\java\com\samsung\springboot\dtos\CategoryRecordDto.java
C:\Projects\FullStack\samsung\catalogo-back\src\main\java\com\samsung\springboot\SpringbootApplication.java
C:\Projects\FullStack\samsung\catalogo-back\src\main\java\com\samsung\springboot\dtos\ProductFeaturedRecordDto.java
C:\Projects\FullStack\samsung\catalogo-back\src\main\java\com\samsung\springboot\services\CategoryService.java
C:\Projects\FullStack\samsung\catalogo-back\src\main\java\com\samsung\springboot\dtos\PaymentTypeRecordDto.java
C:\Projects\FullStack\samsung\catalogo-back\src\main\java\com\samsung\springboot\services\AuthService.java
C:\Projects\FullStack\samsung\catalogo-back\src\main\java\com\samsung\springboot\services\PersonService.java
C:\Projects\FullStack\samsung\catalogo-back\src\main\java\com\samsung\springboot\dtos\OrderRecordDto.java
C:\Projects\FullStack\samsung\catalogo-back\src\main\java\com\samsung\springboot\dtos\PersonRecordDTO.java
C:\Projects\FullStack\samsung\catalogo-back\src\main\java\com\samsung\springboot\models\CheckoutModel.java
C:\Projects\FullStack\samsung\catalogo-back\src\main\java\com\samsung\springboot\models\PaymentTypeModel.java
C:\Projects\FullStack\samsung\catalogo-back\src\main\java\com\samsung\springboot\controllers\OrderItemController.java
C:\Projects\FullStack\samsung\catalogo-back\src\main\java\com\samsung\springboot\dtos\AuthResponseDTO.java
C:\Projects\FullStack\samsung\catalogo-back\src\main\java\com\samsung\springboot\services\ProductFeaturedService.java
C:\Projects\FullStack\samsung\catalogo-back\src\main\java\com\samsung\springboot\dtos\RegisterRequestDTO.java
C:\Projects\FullStack\samsung\catalogo-back\src\main\java\com\samsung\springboot\models\ProductModel.java
C:\Projects\FullStack\samsung\catalogo-back\src\main\java\com\samsung\springboot\models\ProductFavoriteModel.java
C:\Projects\FullStack\samsung\catalogo-back\src\main\java\com\samsung\springboot\repositories\UnitRepository.java
C:\Projects\FullStack\samsung\catalogo-back\src\main\java\com\samsung\springboot\controllers\CategoryController.java
C:\Projects\FullStack\samsung\catalogo-back\src\main\java\com\samsung\springboot\repositories\CartRepository.java
C:\Projects\FullStack\samsung\catalogo-back\src\main\java\com\samsung\springboot\controllers\GlobalExceptionHandler.java
C:\Projects\FullStack\samsung\catalogo-back\src\main\java\com\samsung\springboot\controllers\PersonAddressController.java
C:\Projects\FullStack\samsung\catalogo-back\src\main\java\com\samsung\springboot\dtos\UnitRecordDto.java
C:\Projects\FullStack\samsung\catalogo-back\src\main\java\com\samsung\springboot\controllers\AuthController.java
C:\Projects\FullStack\samsung\catalogo-back\src\main\java\com\samsung\springboot\dtos\CartItemRecordDto.java
C:\Projects\FullStack\samsung\catalogo-back\src\main\java\com\samsung\springboot\config\SecurityConfig.java
C:\Projects\FullStack\samsung\catalogo-back\src\main\java\com\samsung\springboot\repositories\OrderItemRepository.java
C:\Projects\FullStack\samsung\catalogo-back\src\main\java\com\samsung\springboot\services\ProductService.java
C:\Projects\FullStack\samsung\catalogo-back\src\main\java\com\samsung\springboot\services\UserDetailsServiceImpl.java
C:\Projects\FullStack\samsung\catalogo-back\src\main\java\com\samsung\springboot\dtos\OrderItemRecordDto.java
C:\Projects\FullStack\samsung\catalogo-back\src\main\java\com\samsung\springboot\repositories\CartItemRepository.java
C:\Projects\FullStack\samsung\catalogo-back\src\main\java\com\samsung\springboot\config\CorsConfig.java
C:\Projects\FullStack\samsung\catalogo-back\src\main\java\com\samsung\springboot\models\OrderModel.java
C:\Projects\FullStack\samsung\catalogo-back\src\main\java\com\samsung\springboot\controllers\CartItemController.java
C:\Projects\FullStack\samsung\catalogo-back\src\main\java\com\samsung\springboot\dtos\StandardErrorDTO.java
C:\Projects\FullStack\samsung\catalogo-back\src\main\java\com\samsung\springboot\repositories\PersonAddressRepository.java
C:\Projects\FullStack\samsung\catalogo-back\src\main\java\com\samsung\springboot\repositories\OrderRepository.java
C:\Projects\FullStack\samsung\catalogo-back\src\main\java\com\samsung\springboot\services\CartService.java
C:\Projects\FullStack\samsung\catalogo-back\src\main\java\com\samsung\springboot\services\UnitService.java
C:\Projects\FullStack\samsung\catalogo-back\src\main\java\com\samsung\springboot\config\JwtAuthFilter.java
C:\Projects\FullStack\samsung\catalogo-back\src\main\java\com\samsung\springboot\services\ProductImageService.java
