D:\GPWK\FullStack\samsung\catalogo-back\src\main\java\com\samsung\springboot\dtos\OrderItemRecordDto.java
D:\GPWK\FullStack\samsung\catalogo-back\src\main\java\com\samsung\springboot\services\JwtService.java
D:\GPWK\FullStack\samsung\catalogo-back\src\main\java\com\samsung\springboot\dtos\CartItemRecordDto.java
D:\GPWK\FullStack\samsung\catalogo-back\src\main\java\com\samsung\springboot\models\ProductFeaturedModel.java
D:\GPWK\FullStack\samsung\catalogo-back\src\main\java\com\samsung\springboot\controllers\OrderController.java
D:\GPWK\FullStack\samsung\catalogo-back\src\main\java\com\samsung\springboot\controllers\PersonController.java
D:\GPWK\FullStack\samsung\catalogo-back\src\main\java\com\samsung\springboot\repositories\OrderRepository.java
D:\GPWK\FullStack\samsung\catalogo-back\src\main\java\com\samsung\springboot\repositories\OrderItemRepository.java
D:\GPWK\FullStack\samsung\catalogo-back\src\main\java\com\samsung\springboot\services\ProductService.java
D:\GPWK\FullStack\samsung\catalogo-back\src\main\java\com\samsung\springboot\dtos\PersonRecordDTO.java
D:\GPWK\FullStack\samsung\catalogo-back\src\main\java\com\samsung\springboot\models\CheckoutModel.java
D:\GPWK\FullStack\samsung\catalogo-back\src\main\java\com\samsung\springboot\services\PersonService.java
D:\GPWK\FullStack\samsung\catalogo-back\src\main\java\com\samsung\springboot\services\UserDetailsServiceImpl.java
D:\GPWK\FullStack\samsung\catalogo-back\src\main\java\com\samsung\springboot\repositories\PersonAddressRepository.java
D:\GPWK\FullStack\samsung\catalogo-back\src\main\java\com\samsung\springboot\services\CategoryService.java
D:\GPWK\FullStack\samsung\catalogo-back\src\main\java\com\samsung\springboot\repositories\ProductRepository.java
D:\GPWK\FullStack\samsung\catalogo-back\src\main\java\com\samsung\springboot\controllers\CategoryController.java
D:\GPWK\FullStack\samsung\catalogo-back\src\main\java\com\samsung\springboot\repositories\CartItemRepository.java
D:\GPWK\FullStack\samsung\catalogo-back\src\main\java\com\samsung\springboot\services\OrderItemService.java
D:\GPWK\FullStack\samsung\catalogo-back\src\main\java\com\samsung\springboot\controllers\UnitController.java
D:\GPWK\FullStack\samsung\catalogo-back\src\main\java\com\samsung\springboot\SpringbootApplication.java
D:\GPWK\FullStack\samsung\catalogo-back\src\main\java\com\samsung\springboot\controllers\TestController.java
D:\GPWK\FullStack\samsung\catalogo-back\src\main\java\com\samsung\springboot\dtos\ProductImageRecordDto.java
D:\GPWK\FullStack\samsung\catalogo-back\src\main\java\com\samsung\springboot\controllers\CheckoutController.java
D:\GPWK\FullStack\samsung\catalogo-back\src\main\java\com\samsung\springboot\dtos\CategoryRecordDto.java
D:\GPWK\FullStack\samsung\catalogo-back\src\main\java\com\samsung\springboot\config\SecurityConfig.java
D:\GPWK\FullStack\samsung\catalogo-back\src\main\java\com\samsung\springboot\dtos\UnitRecordDto.java
D:\GPWK\FullStack\samsung\catalogo-back\src\main\java\com\samsung\springboot\repositories\UnitRepository.java
D:\GPWK\FullStack\samsung\catalogo-back\src\main\java\com\samsung\springboot\services\AuthService.java
D:\GPWK\FullStack\samsung\catalogo-back\src\main\java\com\samsung\springboot\controllers\CartController.java
D:\GPWK\FullStack\samsung\catalogo-back\src\main\java\com\samsung\springboot\controllers\GlobalExceptionHandler.java
D:\GPWK\FullStack\samsung\catalogo-back\src\main\java\com\samsung\springboot\dtos\OrderRecordDto.java
D:\GPWK\FullStack\samsung\catalogo-back\src\main\java\com\samsung\springboot\config\JwtAuthFilter.java
D:\GPWK\FullStack\samsung\catalogo-back\src\main\java\com\samsung\springboot\dtos\LoginDocumentRequestDTO.java
D:\GPWK\FullStack\samsung\catalogo-back\src\main\java\com\samsung\springboot\dtos\StandardErrorDTO.java
D:\GPWK\FullStack\samsung\catalogo-back\src\main\java\com\samsung\springboot\controllers\ProductFeaturedController.java
D:\GPWK\FullStack\samsung\catalogo-back\src\main\java\com\samsung\springboot\controllers\OrderItemController.java
D:\GPWK\FullStack\samsung\catalogo-back\src\main\java\com\samsung\springboot\controllers\ProductImageController.java
D:\GPWK\FullStack\samsung\catalogo-back\src\main\java\com\samsung\springboot\controllers\PersonAddressController.java
D:\GPWK\FullStack\samsung\catalogo-back\src\main\java\com\samsung\springboot\models\ProductModel.java
D:\GPWK\FullStack\samsung\catalogo-back\src\main\java\com\samsung\springboot\dtos\AuthResponseDTO.java
D:\GPWK\FullStack\samsung\catalogo-back\src\main\java\com\samsung\springboot\services\ProductFavoriteService.java
D:\GPWK\FullStack\samsung\catalogo-back\src\main\java\com\samsung\springboot\exceptions\DuplicationException.java
D:\GPWK\FullStack\samsung\catalogo-back\src\main\java\com\samsung\springboot\repositories\PaymentTypeRepository.java
D:\GPWK\FullStack\samsung\catalogo-back\src\main\java\com\samsung\springboot\dtos\ProductFeaturedRecordDto.java
D:\GPWK\FullStack\samsung\catalogo-back\src\main\java\com\samsung\springboot\dtos\RegisterRequestDTO.java
D:\GPWK\FullStack\samsung\catalogo-back\src\main\java\com\samsung\springboot\services\ProductFeaturedService.java
D:\GPWK\FullStack\samsung\catalogo-back\src\main\java\com\samsung\springboot\dtos\PersonAddressRecordDto.java
D:\GPWK\FullStack\samsung\catalogo-back\src\main\java\com\samsung\springboot\services\UnitService.java
D:\GPWK\FullStack\samsung\catalogo-back\src\main\java\com\samsung\springboot\services\PaymentTypeService.java
D:\GPWK\FullStack\samsung\catalogo-back\src\main\java\com\samsung\springboot\services\CartService.java
D:\GPWK\FullStack\samsung\catalogo-back\src\main\java\com\samsung\springboot\config\CorsConfig.java
D:\GPWK\FullStack\samsung\catalogo-back\src\main\java\com\samsung\springboot\controllers\PaymentTypeController.java
D:\GPWK\FullStack\samsung\catalogo-back\src\main\java\com\samsung\springboot\repositories\ProductFeaturedRepository.java
D:\GPWK\FullStack\samsung\catalogo-back\src\main\java\com\samsung\springboot\services\ProductImageService.java
D:\GPWK\FullStack\samsung\catalogo-back\src\main\java\com\samsung\springboot\models\CategoryModel.java
D:\GPWK\FullStack\samsung\catalogo-back\src\main\java\com\samsung\springboot\models\CartModel.java
D:\GPWK\FullStack\samsung\catalogo-back\src\main\java\com\samsung\springboot\enums\Role.java
D:\GPWK\FullStack\samsung\catalogo-back\src\main\java\com\samsung\springboot\models\OrderItemModel.java
D:\GPWK\FullStack\samsung\catalogo-back\src\main\java\com\samsung\springboot\controllers\ProductFavoriteController.java
D:\GPWK\FullStack\samsung\catalogo-back\src\main\java\com\samsung\springboot\repositories\CartRepository.java
D:\GPWK\FullStack\samsung\catalogo-back\src\main\java\com\samsung\springboot\models\ProductFavoriteModel.java
D:\GPWK\FullStack\samsung\catalogo-back\src\main\java\com\samsung\springboot\controllers\CartItemController.java
D:\GPWK\FullStack\samsung\catalogo-back\src\main\java\com\samsung\springboot\services\CartItemService.java
D:\GPWK\FullStack\samsung\catalogo-back\src\main\java\com\samsung\springboot\models\OrderModel.java
D:\GPWK\FullStack\samsung\catalogo-back\src\main\java\com\samsung\springboot\controllers\AuthController.java
D:\GPWK\FullStack\samsung\catalogo-back\src\main\java\com\samsung\springboot\repositories\ProductFavoriteRepository.java
D:\GPWK\FullStack\samsung\catalogo-back\src\main\java\com\samsung\springboot\dtos\PaymentTypeRecordDto.java
D:\GPWK\FullStack\samsung\catalogo-back\src\main\java\com\samsung\springboot\controllers\ProductController.java
D:\GPWK\FullStack\samsung\catalogo-back\src\main\java\com\samsung\springboot\services\PersonAddressService.java
D:\GPWK\FullStack\samsung\catalogo-back\src\main\java\com\samsung\springboot\exceptions\ResourceNotFoundException.java
D:\GPWK\FullStack\samsung\catalogo-back\src\main\java\com\samsung\springboot\dtos\ProductRecordDto.java
D:\GPWK\FullStack\samsung\catalogo-back\src\main\java\com\samsung\springboot\exceptions\NotFoundException.java
D:\GPWK\FullStack\samsung\catalogo-back\src\main\java\com\samsung\springboot\models\UnitModel.java
D:\GPWK\FullStack\samsung\catalogo-back\src\main\java\com\samsung\springboot\repositories\PersonRepository.java
D:\GPWK\FullStack\samsung\catalogo-back\src\main\java\com\samsung\springboot\services\OrderService.java
D:\GPWK\FullStack\samsung\catalogo-back\src\main\java\com\samsung\springboot\models\PersonAddressModel.java
D:\GPWK\FullStack\samsung\catalogo-back\src\main\java\com\samsung\springboot\services\CheckoutService.java
D:\GPWK\FullStack\samsung\catalogo-back\src\main\java\com\samsung\springboot\repositories\CheckoutRepository.java
D:\GPWK\FullStack\samsung\catalogo-back\src\main\java\com\samsung\springboot\dtos\CartRecordDto.java
D:\GPWK\FullStack\samsung\catalogo-back\src\main\java\com\samsung\springboot\models\PersonModel.java
D:\GPWK\FullStack\samsung\catalogo-back\src\main\java\com\samsung\springboot\dtos\CheckoutRecordDto.java
D:\GPWK\FullStack\samsung\catalogo-back\src\main\java\com\samsung\springboot\models\CartItemModel.java
D:\GPWK\FullStack\samsung\catalogo-back\src\main\java\com\samsung\springboot\models\PaymentTypeModel.java
D:\GPWK\FullStack\samsung\catalogo-back\src\main\java\com\samsung\springboot\dtos\ProductFavoriteRecordDto.java
D:\GPWK\FullStack\samsung\catalogo-back\src\main\java\com\samsung\springboot\models\ProductImageModel.java
D:\GPWK\FullStack\samsung\catalogo-back\src\main\java\com\samsung\springboot\dtos\LoginRequestDTO.java
D:\GPWK\FullStack\samsung\catalogo-back\src\main\java\com\samsung\springboot\repositories\CategoryRepository.java
D:\GPWK\FullStack\samsung\catalogo-back\src\main\java\com\samsung\springboot\repositories\ProductImageRepository.java
